../Core/Src/main.c:188:5:main	8	static
../Core/Src/main.c:292:6:SystemClock_Config	88	static
../Core/Src/main.c:340:13:MX_ADC1_Init	24	static
../Core/Src/main.c:410:13:MX_TIM2_Init	32	static
../Core/Src/main.c:458:13:MX_USART1_UART_Init	8	static
../Core/Src/main.c:489:13:MX_DMA_Init	16	static
../Core/Src/main.c:507:13:MX_GPIO_Init	40	static
../Core/Src/main.c:554:13:DWT_Init	4	static
../Core/Src/main.c:561:13:DWT_DelayUs	24	static
../Core/Src/main.c:574:13:HCSR04_Trigger	8	static
../Core/Src/main.c:583:14:HCSR04_PulseWidthToCm	16	static
../Core/Src/main.c:591:6:HAL_TIM_IC_CaptureCallback	16	static
../Core/Src/main.c:631:14:ADC_ConvertLM35_ToCelsius	24	static
../Core/Src/main.c:641:14:ADC_ConvertPot_ToPercent	16	static
../Core/Src/main.c:647:14:ADC_ConvertLDR_ToPercent	16	static
../Core/Src/main.c:654:6:lcd_cmd	16	static
../Core/Src/main.c:667:6:lcd_data	16	static
../Core/Src/main.c:680:6:lcd_string	16	static
../Core/Src/main.c:686:6:lcd_init	8	static
../Core/Src/main.c:698:6:AcquisitionTask	32	static
../Core/Src/main.c:730:6:LcdTask	72	static
../Core/Src/main.c:756:6:LoggerTask	40	static
../Core/Src/main.c:774:16:Comm_CalculateChecksum	24	static
../Core/Src/main.c:784:13:Comm_BuildFrame	24	static
../Core/Src/main.c:799:6:CommTask	40	static
../Core/Src/main.c:839:6:StartDefaultTask	16	static
../Core/Src/main.c:858:6:HAL_TIM_PeriodElapsedCallback	16	static
../Core/Src/main.c:876:6:Error_Handler	4	static,ignoring_inline_asm
